[33mظإ»[39m Building...
[32mظ£¤[39m Building...
Application bundle generation failed. [5.765 seconds]

node.exe : [1m[31m[31mX [
41;31m[[41;97mERROR[41;31m]
[0m [1mNG5002: Unexpected 
closing tag "section". It 
may happen when the tag has 
already been closed by 
another tag. For more info 
see https://www.w3.org/TR/htm
l5/syntax.html#closing-elemen
ts-that-have-implied-end-tags
[0m [1m[35m[plugin 
angular-compiler][0m
Au caractère Ligne:1 : 1
+ & "C:\Program 
Files\nodejs/node.exe" "C:\Us
ers\Fathi\AppData\Roaming\ 
...
+ ~~~~~~~~~~~~~~~~~~~~~~~~~~~
~~~~~~~~~~~~~~~~~~~~~~~~~~~~~
~~~~~~~~~~~~~
    + CategoryInfo           
   : NotSpecified: ([1m[3  
  1m[31mX...r-compiler][   
 0m:String) [], RemoteExc    
eption
    + FullyQualifiedErrorId  
   : NativeCommandError
 

    src/app/features/front-of
fice/nutritionist/pages/nutri
tionist-dashboard/nutritionis
t-dashboard.component.html:41
:12:
[37m      41 ظ¤é            
 [32m</section>[37m
         ظـ╡             
[32m~~~~~~~~~~[0m

  Error occurs in the 
template of component Nutriti
onistDashboardComponent.

    src/app/features/front-of
fice/nutritionist/pages/nutri
tionist-dashboard/nutritionis
t-dashboard.component.ts:7:17
:
[37m      7 ظ¤é     
templateUrl: [32m'./nutritio
nist-dashboard.component.html
'[37m,
        ظـ╡                  
[32m~~~~~~~~~~~~~~~~~~~~~~~~
~~~~~~~~~~~~~~~~~[0m

[39m[22m
