[33mÔØ»[39m Building...
[32mÔ£ö[39m Building...
Application bundle generation failed. [2.567 seconds]

node.exe : [1m[31m[31mX [41;3
1m[[41;97mERROR[41;31m][0m 
[1mFailed to inline external 
stylesheet 'https://fonts.googlea
pis.com/css2?family=Syne:wght@400
;600;700;800&family=DM+Sans:ital,
wght@0,300;0,400;0,500;1,300&disp
lay=swap'.[0m [1m[35m[plugin a
ngular-css-inline-fonts-plugin][
0m
Au caractère Ligne:1 : 1
+ & "C:\Program 
Files\nodejs/node.exe" 
"C:\Program Files\nodejs/node_mo 
...
+ ~~~~~~~~~~~~~~~~~~~~~~~~~~~~~~~
~~~~~~~~~~~~~~~~~~~~~~~~~~~~~~~~~
~~~~~
    + CategoryInfo          : No 
   tSpecified: ([1m[31m[31mX  
  ...nts-plugin][0m:String) [   
 ], RemoteException
    + FullyQualifiedErrorId : Na 
   tiveCommandError
 

    src/app/features/front-office
/patient/pages/donations/donation
s.component.scss:1:12:
[37m      1 Ôöé @import url([32
m"https://fonts.googleapis.com/cs
s2?family=Syne:wght@400[37m...
        ÔòÁ             [32m~~~~
~~~~~~~~~~~~~~~~~~~~~~~~~~~~~~~~~
~~~~~~~~~~~~~~~~~~[0m

  Error: Inlining of fonts 
failed. An error has occurred 
while retrieving [4mhttps://font
s.googleapis.com/css2?family=Syne
:wght@400;600;700;800&family=DM+S
ans:ital,wght@0,300;0,400;0,500;1
,300&display=swap[0m over the 
internet.
  


[31mX [41;31m[[41;97mERROR[41
;31m][0m [1mFailed to inline 
external stylesheet 'https://font
s.googleapis.com/css2?family=Syne
:wght@400;600;700;800&family=DM+S
ans:ital,wght@0,300;0,400;0,500;1
,300&display=swap'.[0m 
[1m[35m[plugin angular-css-inli
ne-fonts-plugin][0m

    src/app/features/front-office
/patient/pages/emergency/emergenc
y.component.scss:1:12:
[37m      1 Ôöé @import url([32
m"https://fonts.googleapis.com/cs
s2?family=Syne:wght@400[37m...
        ÔòÁ             [32m~~~~
~~~~~~~~~~~~~~~~~~~~~~~~~~~~~~~~~
~~~~~~~~~~~~~~~~~~[0m

  Error: Inlining of fonts 
failed. An error has occurred 
while retrieving [4mhttps://font
s.googleapis.com/css2?family=Syne
:wght@400;600;700;800&family=DM+S
ans:ital,wght@0,300;0,400;0,500;1
,300&display=swap[0m over the 
internet.
  

[39m[22m
