[33mÔØ»[39m Building...
[32mÔ£ö[39m Building...
Application bundle generation failed. [5.321 seconds]

node.exe : [1m[31m[31mX 
[41;31m[[41;97mERROR[41;31m][0m [1mNG1: 
Property 'allPatients' does not exist on type 
'DoctorPatientsComponent'. Did you mean 
'patients'?[0m [1m[35m[plugin 
angular-compiler][0m
Au caractère 
C:\Users\user\AppData\Roaming\npm\ng.ps1:24 : 5
+     & "node$exe"  
"$basedir/node_modules/@angular/cli/bin/ng.js" $arg 
...
+     ~~~~~~~~~~~~~~~~~~~~~~~~~~~~~~~~~~~~~~~~~~~~~~~
~~~~~~~~~~~~~~~~~~
    + CategoryInfo          : NotSpecified: ([1m[3 
   1m[31mX...r-compiler][0m:String) [], RemoteExc  
  eption
    + FullyQualifiedErrorId : NativeCommandError
 

    src/app/features/front-office/doctor/pages/doctor
-patients/doctor-patients.component.html:33:120:
[37m      33 Ôöé ...ength + ' Appointments' : 
[32mallPatients[37m.length + ' Unique patient...
         ÔòÁ                              
[32m~~~~~~~~~~~[0m

  Error occurs in the template of component 
DoctorPatientsComponent.

    src/app/features/front-office/doctor/pages/doctor
-patients/doctor-patients.component.ts:12:15:
[37m      12 Ôöé   templateUrl: 
[32m'./doctor-patients.component.html'[37m,
         ÔòÁ                
[32m~~~~~~~~~~~~~~~~~~~~~~~~~~~~~~~~~~[0m


[31mX [41;31m[[41;97mERROR[41;31m][0m [1mNG1: 
Property 'allPatients' does not exist on type 
'DoctorPatientsComponent'. Did you mean 
'patients'?[0m [1m[35m[plugin 
angular-compiler][0m

    src/app/features/front-office/doctor/pages/doctor
-patients/doctor-patients.component.html:47:83:
[37m      47 Ôöé ... displayMode === 'all' && 
[32mallPatients[37m.length === 0" class="no-d...
         ÔòÁ                              
[32m~~~~~~~~~~~[0m

  Error occurs in the template of component 
DoctorPatientsComponent.

    src/app/features/front-office/doctor/pages/doctor
-patients/doctor-patients.component.ts:12:15:
[37m      12 Ôöé   templateUrl: 
[32m'./doctor-patients.component.html'[37m,
         ÔòÁ                
[32m~~~~~~~~~~~~~~~~~~~~~~~~~~~~~~~~~~[0m


[31mX [41;31m[[41;97mERROR[41;31m][0m [1mNG1: 
Property 'allPatients' does not exist on type 
'DoctorPatientsComponent'. Did you mean 
'patients'?[0m [1m[35m[plugin 
angular-compiler][0m

    src/app/features/front-office/doctor/pages/doctor
-patients/doctor-patients.component.html:90:70:
[37m      90 Ôöé ...       <div 
class="appointment-row" *ngFor="let p of 
[32mallPatients[37m">
         ÔòÁ                                         
                [32m~~~~~~~~~~~[0m

  Error occurs in the template of component 
DoctorPatientsComponent.

    src/app/features/front-office/doctor/pages/doctor
-patients/doctor-patients.component.ts:12:15:
[37m      12 Ôöé   templateUrl: 
[32m'./doctor-patients.component.html'[37m,
         ÔòÁ                
[32m~~~~~~~~~~~~~~~~~~~~~~~~~~~~~~~~~~[0m


[31mX [41;31m[[41;97mERROR[41;31m][0m [1mNG9: 
Property 'profileImage' does not exist on type 
'TopbarComponent'.[0m [1m[35m[plugin 
angular-compiler][0m

    src/app/features/front-office/patient/components/
topbar/topbar.component.html:62:40:
[37m      62 Ôöé ...iv class="avatar" 
*ngIf="![32mprofileImage[37m">{{ initials || 'U' 
}}</...
         ÔòÁ                              
[32m~~~~~~~~~~~~[0m

  Error occurs in the template of component 
TopbarComponent.

    src/app/features/front-office/patient/components/
topbar/topbar.component.ts:10:15:
[37m      10 Ôöé   templateUrl: 
[32m'./topbar.component.html'[37m,
         ÔòÁ                
[32m~~~~~~~~~~~~~~~~~~~~~~~~~[0m


[31mX [41;31m[[41;97mERROR[41;31m][0m [1mNG9: 
Property 'profileImage' does not exist on type 
'TopbarComponent'.[0m [1m[35m[plugin 
angular-compiler][0m

    src/app/features/front-office/patient/components/
topbar/topbar.component.html:63:39:
[37m      63 Ôöé ...img class="avatar" 
*ngIf="[32mprofileImage[37m" [src]="profileImage" 
st...
         ÔòÁ                              
[32m~~~~~~~~~~~~[0m

  Error occurs in the template of component 
TopbarComponent.

    src/app/features/front-office/patient/components/
topbar/topbar.component.ts:10:15:
[37m      10 Ôöé   templateUrl: 
[32m'./topbar.component.html'[37m,
         ÔòÁ                
[32m~~~~~~~~~~~~~~~~~~~~~~~~~[0m


[31mX [41;31m[[41;97mERROR[41;31m][0m [1mNG9: 
Property 'profileImage' does not exist on type 
'TopbarComponent'.[0m [1m[35m[plugin 
angular-compiler][0m

    src/app/features/front-office/patient/components/
topbar/topbar.component.html:63:60:
[37m      63 Ôöé ...gIf="profileImage" 
[src]="[32mprofileImage[37m" style="object-fit: 
cove...
         ÔòÁ                              
[32m~~~~~~~~~~~~[0m

  Error occurs in the template of component 
TopbarComponent.

    src/app/features/front-office/patient/components/
topbar/topbar.component.ts:10:15:
[37m      10 Ôöé   templateUrl: 
[32m'./topbar.component.html'[37m,
         ÔòÁ                
[32m~~~~~~~~~~~~~~~~~~~~~~~~~[0m


[31mX [41;31m[[41;97mERROR[41;31m][0m 
[1mNG8001: 'app-sidebar' is not a known element:
1. If 'app-sidebar' is an Angular component, then 
verify that it is part of this module.
2. If 'app-sidebar' is a Web Component then add 
'CUSTOM_ELEMENTS_SCHEMA' to the '@NgModule.schemas' 
of this component to suppress this message.[0m 
[1m[35m[plugin angular-compiler][0m

    src/app/features/front-office/patient/pages/lifes
tyle-detail/lifestyle-detail.component.html:2:4:
[37m      2 Ôöé     [32m<app-sidebar 
*ngIf="userRole === 'PATIENT'">[37m</app-sidebar>
        ÔòÁ     
[32m~~~~~~~~~~~~~~~~~~~~~~~~~~~~~~~~~~~~~~~~~~~~[0m

  Error occurs in the template of component 
LifestyleDetailComponent.

    src/app/features/front-office/patient/pages/lifes
tyle-detail/lifestyle-detail.component.ts:9:15:
[37m      9 Ôöé   templateUrl: 
[32m'./lifestyle-detail.component.html'[37m,
        ÔòÁ                
[32m~~~~~~~~~~~~~~~~~~~~~~~~~~~~~~~~~~~[0m


[31mX [41;31m[[41;97mERROR[41;31m][0m 
[1mNG8001: 'app-topbar' is not a known element:
1. If 'app-topbar' is an Angular component, then 
verify that it is part of this module.
2. If 'app-topbar' is a Web Component then add 
'CUSTOM_ELEMENTS_SCHEMA' to the '@NgModule.schemas' 
of this component to suppress this message.[0m 
[1m[35m[plugin angular-compiler][0m

    src/app/features/front-office/patient/pages/lifes
tyle-detail/lifestyle-detail.component.html:6:8:
[37m      6 Ôöé         [32m<app-topbar 
*ngIf="userRole === 'PATIENT'">[37m</app-topbar>
        ÔòÁ         
[32m~~~~~~~~~~~~~~~~~~~~~~~~~~~~~~~~~~~~~~~~~~~[0m

  Error occurs in the template of component 
LifestyleDetailComponent.

    src/app/features/front-office/patient/pages/lifes
tyle-detail/lifestyle-detail.component.ts:9:15:
[37m      9 Ôöé   templateUrl: 
[32m'./lifestyle-detail.component.html'[37m,
        ÔòÁ                
[32m~~~~~~~~~~~~~~~~~~~~~~~~~~~~~~~~~~~[0m


[31mX [41;31m[[41;97mERROR[41;31m][0m 
[1mNG8001: 'app-sidebar' is not a known element:
1. If 'app-sidebar' is an Angular component, then 
verify that it is part of this module.
2. If 'app-sidebar' is a Web Component then add 
'CUSTOM_ELEMENTS_SCHEMA' to the '@NgModule.schemas' 
of this component to suppress this message.[0m 
[1m[35m[plugin angular-compiler][0m

    src/app/features/front-office/patient/pages/lifes
tyle-form/lifestyle-form.component.html:2:4:
[37m      2 Ôöé     
[32m<app-sidebar>[37m</app-sidebar>
        ÔòÁ     [32m~~~~~~~~~~~~~[0m

  Error occurs in the template of component 
LifestyleFormComponent.

    src/app/features/front-office/patient/pages/lifes
tyle-form/lifestyle-form.component.ts:13:15:
[37m      13 Ôöé   templateUrl: 
[32m'./lifestyle-form.component.html'[37m,
         ÔòÁ                
[32m~~~~~~~~~~~~~~~~~~~~~~~~~~~~~~~~~[0m


[31mX [41;31m[[41;97mERROR[41;31m][0m 
[1mNG8001: 'app-topbar' is not a known element:
1. If 'app-topbar' is an Angular component, then 
verify that it is part of this module.
2. If 'app-topbar' is a Web Component then add 
'CUSTOM_ELEMENTS_SCHEMA' to the '@NgModule.schemas' 
of this component to suppress this message.[0m 
[1m[35m[plugin angular-compiler][0m

    src/app/features/front-office/patient/pages/lifes
tyle-form/lifestyle-form.component.html:4:8:
[37m      4 Ôöé         
[32m<app-topbar>[37m</app-topbar>
        ÔòÁ         [32m~~~~~~~~~~~~[0m

  Error occurs in the template of component 
LifestyleFormComponent.

    src/app/features/front-office/patient/pages/lifes
tyle-form/lifestyle-form.component.ts:13:15:
[37m      13 Ôöé   templateUrl: 
[32m'./lifestyle-form.component.html'[37m,
         ÔòÁ                
[32m~~~~~~~~~~~~~~~~~~~~~~~~~~~~~~~~~[0m


[31mX [41;31m[[41;97mERROR[41;31m][0m 
[1mNG8001: 'app-sidebar' is not a known element:
1. If 'app-sidebar' is an Angular component, then 
verify that it is part of this module.
2. If 'app-sidebar' is a Web Component then add 
'CUSTOM_ELEMENTS_SCHEMA' to the '@NgModule.schemas' 
of this component to suppress this message.[0m 
[1m[35m[plugin angular-compiler][0m

    src/app/features/front-office/patient/pages/lifes
tyle-list/lifestyle-list.component.html:2:4:
[37m      2 Ôöé     
[32m<app-sidebar>[37m</app-sidebar>
        ÔòÁ     [32m~~~~~~~~~~~~~[0m

  Error occurs in the template of component 
LifestyleListComponent.

    src/app/features/front-office/patient/pages/lifes
tyle-list/lifestyle-list.component.ts:10:15:
[37m      10 Ôöé   templateUrl: 
[32m'./lifestyle-list.component.html'[37m,
         ÔòÁ                
[32m~~~~~~~~~~~~~~~~~~~~~~~~~~~~~~~~~[0m


[31mX [41;31m[[41;97mERROR[41;31m][0m 
[1mNG8001: 'app-topbar' is not a known element:
1. If 'app-topbar' is an Angular component, then 
verify that it is part of this module.
2. If 'app-topbar' is a Web Component then add 
'CUSTOM_ELEMENTS_SCHEMA' to the '@NgModule.schemas' 
of this component to suppress this message.[0m 
[1m[35m[plugin angular-compiler][0m

    src/app/features/front-office/patient/pages/lifes
tyle-list/lifestyle-list.component.html:4:8:
[37m      4 Ôöé         
[32m<app-topbar>[37m</app-topbar>
        ÔòÁ         [32m~~~~~~~~~~~~[0m

  Error occurs in the template of component 
LifestyleListComponent.

    src/app/features/front-office/patient/pages/lifes
tyle-list/lifestyle-list.component.ts:10:15:
[37m      10 Ôöé   templateUrl: 
[32m'./lifestyle-list.component.html'[37m,
         ÔòÁ                
[32m~~~~~~~~~~~~~~~~~~~~~~~~~~~~~~~~~[0m


[31mX [41;31m[[41;97mERROR[41;31m][0m 
[1mNG8001: 'app-sidebar' is not a known element:
1. If 'app-sidebar' is an Angular component, then 
verify that it is part of this module.
2. If 'app-sidebar' is a Web Component then add 
'CUSTOM_ELEMENTS_SCHEMA' to the '@NgModule.schemas' 
of this component to suppress this message.[0m 
[1m[35m[plugin angular-compiler][0m

    src/app/features/front-office/patient/pages/lifes
tyle-wellness/lifestyle-wellness.component.html:3:4:
[37m      3 Ôöé     
[32m<app-sidebar>[37m</app-sidebar>
        ÔòÁ     [32m~~~~~~~~~~~~~[0m

  Error occurs in the template of component 
LifestyleWellnessComponent.

    src/app/features/front-office/patient/pages/lifes
tyle-wellness/lifestyle-wellness.component.ts:10:15:
[37m      10 Ôöé   templateUrl: 
[32m'./lifestyle-wellness.component.html'[37m,
         ÔòÁ                
[32m~~~~~~~~~~~~~~~~~~~~~~~~~~~~~~~~~~~~~[0m


[31mX [41;31m[[41;97mERROR[41;31m][0m 
[1mNG8001: 'app-topbar' is not a known element:
1. If 'app-topbar' is an Angular component, then 
verify that it is part of this module.
2. If 'app-topbar' is a Web Component then add 
'CUSTOM_ELEMENTS_SCHEMA' to the '@NgModule.schemas' 
of this component to suppress this message.[0m 
[1m[35m[plugin angular-compiler][0m

    src/app/features/front-office/patient/pages/lifes
tyle-wellness/lifestyle-wellness.component.html:8:8:
[37m      8 Ôöé         
[32m<app-topbar>[37m</app-topbar>
        ÔòÁ         [32m~~~~~~~~~~~~[0m

  Error occurs in the template of component 
LifestyleWellnessComponent.

    src/app/features/front-office/patient/pages/lifes
tyle-wellness/lifestyle-wellness.component.ts:10:15:
[37m      10 Ôöé   templateUrl: 
[32m'./lifestyle-wellness.component.html'[37m,
         ÔòÁ                
[32m~~~~~~~~~~~~~~~~~~~~~~~~~~~~~~~~~~~~~[0m


[31mX [41;31m[[41;97mERROR[41;31m][0m 
[1mNG8001: 'app-sidebar' is not a known element:
1. If 'app-sidebar' is an Angular component, then 
verify that it is part of this module.
2. If 'app-sidebar' is a Web Component then add 
'CUSTOM_ELEMENTS_SCHEMA' to the '@NgModule.schemas' 
of this component to suppress this message.[0m 
[1m[35m[plugin angular-compiler][0m

    src/app/features/front-office/patient/pages/medic
al-record/medical-record.component.html:3:4:
[37m      3 Ôöé     
[32m<app-sidebar>[37m</app-sidebar>
        ÔòÁ     [32m~~~~~~~~~~~~~[0m

  Error occurs in the template of component 
MedicalRecordComponent.

    src/app/features/front-office/patient/pages/medic
al-record/medical-record.component.ts:42:17:
[37m      42 Ôöé     templateUrl: 
[32m'./medical-record.component.html'[37m,
         ÔòÁ                  
[32m~~~~~~~~~~~~~~~~~~~~~~~~~~~~~~~~~[0m


[31mX [41;31m[[41;97mERROR[41;31m][0m 
[1mNG8001: 'app-topbar' is not a known element:
1. If 'app-topbar' is an Angular component, then 
verify that it is part of this module.
2. If 'app-topbar' is a Web Component then add 
'CUSTOM_ELEMENTS_SCHEMA' to the '@NgModule.schemas' 
of this component to suppress this message.[0m 
[1m[35m[plugin angular-compiler][0m

    src/app/features/front-office/patient/pages/medic
al-record/medical-record.component.html:8:8:
[37m      8 Ôöé         
[32m<app-topbar>[37m</app-topbar>
        ÔòÁ         [32m~~~~~~~~~~~~[0m

  Error occurs in the template of component 
MedicalRecordComponent.

    src/app/features/front-office/patient/pages/medic
al-record/medical-record.component.ts:42:17:
[37m      42 Ôöé     templateUrl: 
[32m'./medical-record.component.html'[37m,
         ÔòÁ                  
[32m~~~~~~~~~~~~~~~~~~~~~~~~~~~~~~~~~[0m


[31mX [41;31m[[41;97mERROR[41;31m][0m 
[1mNG8001: 'app-sidebar' is not a known element:
1. If 'app-sidebar' is an Angular component, then 
verify that it is part of this module.
2. If 'app-sidebar' is a Web Component then add 
'CUSTOM_ELEMENTS_SCHEMA' to the '@NgModule.schemas' 
of this component to suppress this message.[0m 
[1m[35m[plugin angular-compiler][0m

    src/app/features/front-office/patient/pages/patie
nt-profile-edit/patient-profile-edit.component.html:2
:4:
[37m      2 Ôöé     
[32m<app-sidebar>[37m</app-sidebar>
        ÔòÁ     [32m~~~~~~~~~~~~~[0m

  Error occurs in the template of component 
PatientProfileEditComponent.

    src/app/features/front-office/patient/pages/patie
nt-profile-edit/patient-profile-edit.component.ts:9:1
5:
[37m      9 Ôöé   templateUrl: 
[32m'./patient-profile-edit.component.html'[37m,
        ÔòÁ                
[32m~~~~~~~~~~~~~~~~~~~~~~~~~~~~~~~~~~~~~~~[0m


[31mX [41;31m[[41;97mERROR[41;31m][0m 
[1mNG8001: 'app-topbar' is not a known element:
1. If 'app-topbar' is an Angular component, then 
verify that it is part of this module.
2. If 'app-topbar' is a Web Component then add 
'CUSTOM_ELEMENTS_SCHEMA' to the '@NgModule.schemas' 
of this component to suppress this message.[0m 
[1m[35m[plugin angular-compiler][0m

    src/app/features/front-office/patient/pages/patie
nt-profile-edit/patient-profile-edit.component.html:5
:8:
[37m      5 Ôöé         
[32m<app-topbar>[37m</app-topbar>
        ÔòÁ         [32m~~~~~~~~~~~~[0m

  Error occurs in the template of component 
PatientProfileEditComponent.

    src/app/features/front-office/patient/pages/patie
nt-profile-edit/patient-profile-edit.component.ts:9:1
5:
[37m      9 Ôöé   templateUrl: 
[32m'./patient-profile-edit.component.html'[37m,
        ÔòÁ                
[32m~~~~~~~~~~~~~~~~~~~~~~~~~~~~~~~~~~~~~~~[0m


[31mX [41;31m[[41;97mERROR[41;31m][0m 
[1mNG8001: 'app-sidebar' is not a known element:
1. If 'app-sidebar' is an Angular component, then 
verify that it is part of this module.
2. If 'app-sidebar' is a Web Component then add 
'CUSTOM_ELEMENTS_SCHEMA' to the '@NgModule.schemas' 
of this component to suppress this message.[0m 
[1m[35m[plugin angular-compiler][0m

    src/app/features/front-office/patient/pages/patie
nt-profile-settings/patient-profile-settings.componen
t.html:2:4:
[37m      2 Ôöé     
[32m<app-sidebar>[37m</app-sidebar>
        ÔòÁ     [32m~~~~~~~~~~~~~[0m

  Error occurs in the template of component 
PatientProfileSettingsComponent.

    src/app/features/front-office/patient/pages/patie
nt-profile-settings/patient-profile-settings.componen
t.ts:8:15:
[37m      8 Ôöé   templateUrl: [32m'./patient-profi
le-settings.component.html'[37m,
        ÔòÁ                
[32m~~~~~~~~~~~~~~~~~~~~~~~~~~~~~~~~~~~~~~~~~~~[0m


[31mX [41;31m[[41;97mERROR[41;31m][0m 
[1mNG8001: 'app-topbar' is not a known element:
1. If 'app-topbar' is an Angular component, then 
verify that it is part of this module.
2. If 'app-topbar' is a Web Component then add 
'CUSTOM_ELEMENTS_SCHEMA' to the '@NgModule.schemas' 
of this component to suppress this message.[0m 
[1m[35m[plugin angular-compiler][0m

    src/app/features/front-office/patient/pages/patie
nt-profile-settings/patient-profile-settings.componen
t.html:5:8:
[37m      5 Ôöé         
[32m<app-topbar>[37m</app-topbar>
        ÔòÁ         [32m~~~~~~~~~~~~[0m

  Error occurs in the template of component 
PatientProfileSettingsComponent.

    src/app/features/front-office/patient/pages/patie
nt-profile-settings/patient-profile-settings.componen
t.ts:8:15:
[37m      8 Ôöé   templateUrl: [32m'./patient-profi
le-settings.component.html'[37m,
        ÔòÁ                
[32m~~~~~~~~~~~~~~~~~~~~~~~~~~~~~~~~~~~~~~~~~~~[0m


[31mX [41;31m[[41;97mERROR[41;31m][0m 
[1mNG8001: 'app-sidebar' is not a known element:
1. If 'app-sidebar' is an Angular component, then 
verify that it is part of this module.
2. If 'app-sidebar' is a Web Component then add 
'CUSTOM_ELEMENTS_SCHEMA' to the '@NgModule.schemas' 
of this component to suppress this message.[0m 
[1m[35m[plugin angular-compiler][0m

    src/app/features/front-office/patient/pages/patie
nt-record-list/patient-record-list.component.html:2:4
:
[37m      2 Ôöé     
[32m<app-sidebar>[37m</app-sidebar>
        ÔòÁ     [32m~~~~~~~~~~~~~[0m

  Error occurs in the template of component 
PatientRecordListComponent.

    src/app/features/front-office/patient/pages/patie
nt-record-list/patient-record-list.component.ts:8:15:
[37m      8 Ôöé   templateUrl: 
[32m'./patient-record-list.component.html'[37m,
        ÔòÁ                
[32m~~~~~~~~~~~~~~~~~~~~~~~~~~~~~~~~~~~~~~[0m


[31mX [41;31m[[41;97mERROR[41;31m][0m 
[1mNG8001: 'app-topbar' is not a known element:
1. If 'app-topbar' is an Angular component, then 
verify that it is part of this module.
2. If 'app-topbar' is a Web Component then add 
'CUSTOM_ELEMENTS_SCHEMA' to the '@NgModule.schemas' 
of this component to suppress this message.[0m 
[1m[35m[plugin angular-compiler][0m

    src/app/features/front-office/patient/pages/patie
nt-record-list/patient-record-list.component.html:4:8
:
[37m      4 Ôöé         
[32m<app-topbar>[37m</app-topbar>
        ÔòÁ         [32m~~~~~~~~~~~~[0m

  Error occurs in the template of component 
PatientRecordListComponent.

    src/app/features/front-office/patient/pages/patie
nt-record-list/patient-record-list.component.ts:8:15:
[37m      8 Ôöé   templateUrl: 
[32m'./patient-record-list.component.html'[37m,
        ÔòÁ                
[32m~~~~~~~~~~~~~~~~~~~~~~~~~~~~~~~~~~~~~~[0m

[39m[22m
