src/app/app-routing.module.ts(11,1): error TS1185: Merge conflict marker encountered.
src/app/app-routing.module.ts(13,1): error TS1185: Merge conflict marker encountered.
src/app/app-routing.module.ts(21,1): error TS1185: Merge conflict marker encountered.
src/app/app-routing.module.ts(22,9): error TS1005: ',' expected.
src/app/app-routing.module.ts(23,17): error TS1005: ',' expected.
src/app/app-routing.module.ts(26,3): error TS1005: ',' expected.
src/app/app-routing.module.ts(26,4): error TS1128: Declaration or statement expected.
src/app/app-routing.module.ts(30,17): error TS1005: ';' expected.
src/app/app-routing.module.ts(33,4): error TS1128: Declaration or statement expected.
src/app/app-routing.module.ts(37,15): error TS1005: ';' expected.
src/app/app-routing.module.ts(38,14): error TS1005: ';' expected.
src/app/app-routing.module.ts(39,4): error TS1128: Declaration or statement expected.
src/app/app-routing.module.ts(42,15): error TS1005: ';' expected.
src/app/app-routing.module.ts(43,14): error TS1005: ';' expected.
src/app/app-routing.module.ts(44,4): error TS1128: Declaration or statement expected.
src/app/app-routing.module.ts(47,15): error TS1005: ';' expected.
src/app/app-routing.module.ts(49,1): error TS1128: Declaration or statement expected.
src/app/app.module.ts(5,50): error TS1128: Declaration or statement expected.
src/app/app.module.ts(5,51): error TS1128: Declaration or statement expected.
src/app/app.module.ts(15,12): error TS1005: ';' expected.
src/app/app.module.ts(18,12): error TS1005: ';' expected.
src/app/app.module.ts(19,1): error TS1128: Declaration or statement expected.
src/app/app.module.ts(19,2): error TS1128: Declaration or statement expected.
src/app/features/auth/auth-routing.module.ts(7,1): error TS1185: Merge conflict marker encountered.
src/app/features/auth/auth-routing.module.ts(10,1): error TS1185: Merge conflict marker encountered.
src/app/features/auth/auth-routing.module.ts(17,1): error TS1185: Merge conflict marker encountered.
src/app/features/auth/auth.component.spec.ts(4,5): error TS1128: Declaration or statement expected.
src/app/features/auth/auth.component.spec.ts(4,6): error TS1128: Declaration or statement expected.
src/app/features/auth/auth.component.spec.ts(5,5): error TS1128: Declaration or statement expected.
src/app/features/auth/auth.component.spec.ts(10,3): error TS1128: Declaration or statement expected.
src/app/features/auth/auth.component.spec.ts(10,4): error TS1128: Declaration or statement expected.
src/app/features/auth/auth.component.spec.ts(15,1): error TS1128: Declaration or statement expected.
src/app/features/auth/auth.component.spec.ts(15,2): error TS1128: Declaration or statement expected.
src/app/features/auth/auth.module.ts(10,1): error TS1185: Merge conflict marker encountered.
src/app/features/auth/auth.module.ts(13,1): error TS1185: Merge conflict marker encountered.
src/app/features/auth/auth.module.ts(20,1): error TS1185: Merge conflict marker encountered.
src/app/features/auth/pages/register/register.component.ts(50,29): error TS1011: An element access expression should take an argument.
src/app/features/auth/pages/register/register.component.ts(51,19): error TS1011: An element access expression should take an argument.
src/app/features/auth/pages/register/register.component.ts(52,38): error TS1005: ';' expected.
src/app/features/auth/pages/register/register.component.ts(53,29): error TS1005: ';' expected.
src/app/features/auth/pages/register/register.component.ts(55,13): error TS1005: ',' expected.
src/app/features/auth/pages/register/register.component.ts(55,15): error TS1005: ',' expected.
src/app/features/auth/pages/register/register.component.ts(56,13): error TS1005: ',' expected.
src/app/features/auth/pages/register/register.component.ts(56,24): error TS1005: ',' expected.
src/app/features/auth/pages/register/register.component.ts(57,13): error TS1005: ',' expected.
src/app/features/auth/pages/register/register.component.ts(57,26): error TS1005: ',' expected.
src/app/features/auth/pages/register/register.component.ts(57,57): error TS1005: ',' expected.
src/app/features/auth/pages/register/register.component.ts(58,20): error TS1005: ',' expected.
src/app/features/auth/pages/register/register.component.ts(59,22): error TS1005: ',' expected.
src/app/features/auth/pages/register/register.component.ts(60,23): error TS1005: ',' expected.
src/app/features/auth/pages/register/register.component.ts(61,15): error TS1005: ',' expected.
src/app/features/auth/pages/register/register.component.ts(62,14): error TS1005: ',' expected.
src/app/features/auth/pages/register/register.component.ts(63,17): error TS1005: ',' expected.
src/app/features/auth/pages/register/register.component.ts(64,15): error TS1005: ',' expected.
src/app/features/auth/pages/register/register.component.ts(66,28): error TS1005: ',' expected.
src/app/features/auth/pages/register/register.component.ts(67,23): error TS1005: ',' expected.
src/app/features/auth/pages/register/register.component.ts(68,19): error TS1005: ',' expected.
src/app/features/auth/pages/register/register.component.ts(68,34): error TS1135: Argument expression expected.
src/app/features/auth/pages/register/register.component.ts(69,5): error TS1135: Argument expression expected.
src/app/features/auth/pages/register/register.component.ts(70,3): error TS1128: Declaration or statement expected.
src/app/features/auth/pages/register/register.component.ts(72,31): error TS1005: ',' expected.
src/app/features/auth/pages/register/register.component.ts(72,38): error TS1005: ';' expected.
src/app/features/auth/pages/register/register.component.ts(84,21): error TS1005: ',' expected.
src/app/features/auth/pages/register/register.component.ts(84,28): error TS1005: ';' expected.
src/app/features/auth/pages/register/register.component.ts(93,17): error TS1005: ';' expected.
src/app/features/auth/pages/register/register.component.ts(99,3): error TS1434: Unexpected keyword or identifier.
src/app/features/auth/pages/register/register.component.ts(99,25): error TS1005: ';' expected.
src/app/features/auth/pages/register/register.component.ts(99,27): error TS1434: Unexpected keyword or identifier.
src/app/features/auth/pages/register/register.component.ts(103,20): error TS1005: ',' expected.
src/app/features/auth/pages/register/register.component.ts(103,27): error TS1005: ';' expected.
src/app/features/auth/pages/register/register.component.ts(119,26): error TS1005: ';' expected.
src/app/features/auth/pages/register/register.component.ts(130,18): error TS1005: ';' expected.
src/app/features/auth/pages/register/register.component.ts(223,3): error TS1434: Unexpected keyword or identifier.
src/app/features/auth/pages/register/register.component.ts(223,18): error TS1005: ';' expected.
src/app/features/auth/pages/register/register.component.ts(223,20): error TS1434: Unexpected keyword or identifier.
src/app/features/auth/pages/register/register.component.ts(224,3): error TS1434: Unexpected keyword or identifier.
src/app/features/auth/pages/register/register.component.ts(224,17): error TS1005: ';' expected.
src/app/features/auth/pages/register/register.component.ts(224,19): error TS1434: Unexpected keyword or identifier.
src/app/features/auth/pages/register/register.component.ts(225,3): error TS1434: Unexpected keyword or identifier.
src/app/features/auth/pages/register/register.component.ts(225,17): error TS1005: ';' expected.
src/app/features/auth/pages/register/register.component.ts(225,19): error TS1434: Unexpected keyword or identifier.
src/app/features/auth/pages/register/register.component.ts(226,3): error TS1434: Unexpected keyword or identifier.
src/app/features/auth/pages/register/register.component.ts(226,21): error TS1005: ';' expected.
src/app/features/auth/pages/register/register.component.ts(226,23): error TS1434: Unexpected keyword or identifier.
src/app/features/auth/pages/register/register.component.ts(227,3): error TS1434: Unexpected keyword or identifier.
src/app/features/auth/pages/register/register.component.ts(227,19): error TS1005: ';' expected.
src/app/features/auth/pages/register/register.component.ts(227,21): error TS1434: Unexpected keyword or identifier.
src/app/features/auth/pages/register/register.component.ts(228,3): error TS1434: Unexpected keyword or identifier.
src/app/features/auth/pages/register/register.component.ts(228,23): error TS1005: ';' expected.
src/app/features/auth/pages/register/register.component.ts(228,25): error TS1434: Unexpected keyword or identifier.
src/app/features/auth/pages/register/register.component.ts(229,3): error TS1434: Unexpected keyword or identifier.
src/app/features/auth/pages/register/register.component.ts(229,27): error TS1005: ';' expected.
src/app/features/auth/pages/register/register.component.ts(229,29): error TS1434: Unexpected keyword or identifier.
src/app/features/auth/pages/register/register.component.ts(231,14): error TS1005: ';' expected.
src/app/features/auth/pages/register/register.component.ts(272,1): error TS1128: Declaration or statement expected.
src/app/features/back-office/pages/user-management/user-management.component.ts(62,1): error TS1185: Merge conflict marker encountered.
src/app/features/back-office/pages/user-management/user-management.component.ts(63,1): error TS1185: Merge conflict marker encountered.
src/app/features/back-office/pages/user-management/user-management.component.ts(97,1): error TS1185: Merge conflict marker encountered.
src/app/features/front-office/clinic/clinic-routing.module.ts(7,106): error TS1128: Declaration or statement expected.
src/app/features/front-office/clinic/clinic-routing.module.ts(8,1): error TS1128: Declaration or statement expected.
src/app/features/front-office/clinic/pages/clinic-dashboard/clinic-dashboard.component.ts(11,14): error TS1005: ';' expected.
src/app/features/front-office/clinic/pages/clinic-dashboard/clinic-dashboard.component.ts(50,3): error TS1128: Declaration or statement expected.
src/app/features/front-office/clinic/pages/clinic-dashboard/clinic-dashboard.component.ts(50,26): error TS1005: ';' expected.
src/app/features/front-office/clinic/pages/clinic-dashboard/clinic-dashboard.component.ts(54,3): error TS1128: Declaration or statement expected.
src/app/features/front-office/clinic/pages/clinic-dashboard/clinic-dashboard.component.ts(54,28): error TS1005: ',' expected.
src/app/features/front-office/clinic/pages/clinic-dashboard/clinic-dashboard.component.ts(54,38): error TS1005: ';' expected.
src/app/features/front-office/clinic/pages/clinic-dashboard/clinic-dashboard.component.ts(61,1): error TS1185: Merge conflict marker encountered.
src/app/features/front-office/clinic/pages/clinic-dashboard/clinic-dashboard.component.ts(63,3): error TS1434: Unexpected keyword or identifier.
src/app/features/front-office/clinic/pages/clinic-dashboard/clinic-dashboard.component.ts(63,31): error TS1005: ';' expected.
src/app/features/front-office/clinic/pages/clinic-dashboard/clinic-dashboard.component.ts(63,33): error TS1434: Unexpected keyword or identifier.
src/app/features/front-office/clinic/pages/clinic-dashboard/clinic-dashboard.component.ts(67,27): error TS1005: ',' expected.
src/app/features/front-office/clinic/pages/clinic-dashboard/clinic-dashboard.component.ts(67,36): error TS1005: ';' expected.
src/app/features/front-office/clinic/pages/clinic-dashboard/clinic-dashboard.component.ts(67,38): error TS1434: Unexpected keyword or identifier.
src/app/features/front-office/clinic/pages/clinic-dashboard/clinic-dashboard.component.ts(76,28): error TS1005: ',' expected.
src/app/features/front-office/clinic/pages/clinic-dashboard/clinic-dashboard.component.ts(76,37): error TS1005: ';' expected.
src/app/features/front-office/clinic/pages/clinic-dashboard/clinic-dashboard.component.ts(76,39): error TS1434: Unexpected keyword or identifier.
src/app/features/front-office/clinic/pages/clinic-dashboard/clinic-dashboard.component.ts(84,21): error TS1005: ',' expected.
src/app/features/front-office/clinic/pages/clinic-dashboard/clinic-dashboard.component.ts(84,30): error TS1005: ';' expected.
src/app/features/front-office/clinic/pages/clinic-dashboard/clinic-dashboard.component.ts(84,32): error TS1434: Unexpected keyword or identifier.
src/app/features/front-office/clinic/pages/clinic-dashboard/clinic-dashboard.component.ts(89,1): error TS1185: Merge conflict marker encountered.
src/app/features/front-office/clinic/pages/clinic-dashboard/clinic-dashboard.component.ts(90,1): error TS1185: Merge conflict marker encountered.
src/app/features/front-office/clinic/pages/clinic-dashboard/clinic-dashboard.component.ts(91,1): error TS1128: Declaration or statement expected.
src/app/features/front-office/doctor/components/doctor-topbar/doctor-topbar.component.ts(15,3): error TS1128: Declaration or statement expected.
src/app/features/front-office/doctor/components/doctor-topbar/doctor-topbar.component.ts(15,26): error TS1005: ';' expected.
src/app/features/front-office/doctor/components/doctor-topbar/doctor-topbar.component.ts(19,3): error TS1128: Declaration or statement expected.
src/app/features/front-office/doctor/components/doctor-topbar/doctor-topbar.component.ts(19,28): error TS1005: ',' expected.
src/app/features/front-office/doctor/components/doctor-topbar/doctor-topbar.component.ts(19,38): error TS1005: ';' expected.
src/app/features/front-office/doctor/components/doctor-topbar/doctor-topbar.component.ts(26,1): error TS1128: Declaration or statement expected.
src/app/features/front-office/doctor/pages/doctor-dashboard/doctor-dashboard.component.ts(24,1): error TS1185: Merge conflict marker encountered.
src/app/features/front-office/doctor/pages/doctor-dashboard/doctor-dashboard.component.ts(30,1): error TS1185: Merge conflict marker encountered.
src/app/features/front-office/doctor/pages/doctor-dashboard/doctor-dashboard.component.ts(31,1): error TS1185: Merge conflict marker encountered.
src/app/features/front-office/front-office-routing.module.ts(328,1): error TS1185: Merge conflict marker encountered.
src/app/features/front-office/front-office-routing.module.ts(330,1): error TS1185: Merge conflict marker encountered.
src/app/features/front-office/front-office-routing.module.ts(336,1): error TS1185: Merge conflict marker encountered.
src/app/features/front-office/home-care/components/home-care-topbar/home-care-topbar.component.ts(40,3): error TS1005: ',' expected.
src/app/features/front-office/home-care/components/home-care-topbar/home-care-topbar.component.ts(48,1): error TS1005: ')' expected.
src/app/features/front-office/home-care/home-care.module.ts(36,51): error TS1005: ',' expected.
src/app/features/front-office/home-care/home-care.module.ts(37,1): error TS1137: Expression or comma expected.
src/app/features/front-office/home-care/pages/home-care-dashboard/home-care-dashboard.component.ts(47,1): error TS1185: Merge conflict marker encountered.
src/app/features/front-office/home-care/pages/home-care-dashboard/home-care-dashboard.component.ts(80,1): error TS1185: Merge conflict marker encountered.
src/app/features/front-office/home-care/pages/home-care-dashboard/home-care-dashboard.component.ts(81,1): error TS1185: Merge conflict marker encountered.
src/app/features/front-office/nutritionist/components/nutritionist-topbar/nutritionist-topbar.component.ts(12,48): error TS1005: ',' expected.
src/app/features/front-office/nutritionist/components/nutritionist-topbar/nutritionist-topbar.component.ts(12,64): error TS1005: ';' expected.
src/app/features/front-office/nutritionist/components/nutritionist-topbar/nutritionist-topbar.component.ts(15,7): error TS1128: Declaration or statement expected.
src/app/features/front-office/nutritionist/components/nutritionist-topbar/nutritionist-topbar.component.ts(15,8): error TS1128: Declaration or statement expected.
src/app/features/front-office/nutritionist/components/nutritionist-topbar/nutritionist-topbar.component.ts(18,5): error TS1128: Declaration or statement expected.
src/app/features/front-office/nutritionist/components/nutritionist-topbar/nutritionist-topbar.component.ts(18,6): error TS1128: Declaration or statement expected.
src/app/features/front-office/nutritionist/components/nutritionist-topbar/nutritionist-topbar.component.ts(19,3): error TS1128: Declaration or statement expected.
src/app/features/front-office/nutritionist/components/nutritionist-topbar/nutritionist-topbar.component.ts(21,3): error TS1128: Declaration or statement expected.
src/app/features/front-office/nutritionist/components/nutritionist-topbar/nutritionist-topbar.component.ts(21,26): error TS1005: ';' expected.
src/app/features/front-office/nutritionist/components/nutritionist-topbar/nutritionist-topbar.component.ts(25,3): error TS1128: Declaration or statement expected.
src/app/features/front-office/nutritionist/components/nutritionist-topbar/nutritionist-topbar.component.ts(25,28): error TS1005: ',' expected.
src/app/features/front-office/nutritionist/components/nutritionist-topbar/nutritionist-topbar.component.ts(25,38): error TS1005: ';' expected.
src/app/features/front-office/nutritionist/components/nutritionist-topbar/nutritionist-topbar.component.ts(32,1): error TS1128: Declaration or statement expected.
src/app/features/front-office/nutritionist/nutritionist.module.ts(74,56): error TS1005: ',' expected.
src/app/features/front-office/nutritionist/nutritionist.module.ts(75,1): error TS1128: Declaration or statement expected.
src/app/features/front-office/nutritionist/nutritionist.module.ts(75,2): error TS1128: Declaration or statement expected.
src/app/features/front-office/nutritionist/pages/nutritionist-dashboard/nutritionist-dashboard.component.ts(15,7): error TS1128: Declaration or statement expected.
src/app/features/front-office/nutritionist/pages/nutritionist-dashboard/nutritionist-dashboard.component.ts(15,8): error TS1128: Declaration or statement expected.
src/app/features/front-office/nutritionist/pages/nutritionist-dashboard/nutritionist-dashboard.component.ts(18,5): error TS1128: Declaration or statement expected.
src/app/features/front-office/nutritionist/pages/nutritionist-dashboard/nutritionist-dashboard.component.ts(18,6): error TS1128: Declaration or statement expected.
src/app/features/front-office/nutritionist/pages/nutritionist-dashboard/nutritionist-dashboard.component.ts(19,3): error TS1128: Declaration or statement expected.
src/app/features/front-office/nutritionist/pages/nutritionist-dashboard/nutritionist-dashboard.component.ts(21,3): error TS1128: Declaration or statement expected.
src/app/features/front-office/nutritionist/pages/nutritionist-dashboard/nutritionist-dashboard.component.ts(21,26): error TS1005: ';' expected.
src/app/features/front-office/nutritionist/pages/nutritionist-dashboard/nutritionist-dashboard.component.ts(28,3): error TS1128: Declaration or statement expected.
src/app/features/front-office/nutritionist/pages/nutritionist-dashboard/nutritionist-dashboard.component.ts(28,23): error TS1005: ';' expected.
