
> medi-care-ai@0.0.0 test
> ng test --watch=false

node.exe : - Generating browser 
application bundles (phase: 
setup)...
Au caractère Ligne:1 : 1
+ & "C:\Program 
Files\nodejs/node.exe" 
"C:\Users\Fathi\AppData\Roaming\ 
...
+ ~~~~~~~~~~~~~~~~~~~~~~~~~~~~~~~~
~~~~~~~~~~~~~~~~~~~~~~~~~~~~~~~~~~
~~~
    + CategoryInfo          : Not 
   Specified: (- Generating br..  
  .hase: setup)...:String) [],    
 RemoteException
    + FullyQualifiedErrorId : Nat 
   iveCommandError
 
ظ£¤ Browser application bundle 
generation complete.
[1m[31m
Error: [96msrc/app/features/front
-office/doctor/pages/doctor-consul
tations/doctor-consultations.compo
nent.spec.ts[0m:[93m11[0m:[93m
16[0m - [91merror[0m[90m 
TS2304: [0mCannot find name 
'ComponentFixture'.

[7m11[0m   let fixture: Componen
tFixture<DoctorConsultationsCompon
ent>;
[7m  [0m [91m               
~~~~~~~~~~~~~~~~[0m


Error: [96msrc/app/features/front
-office/doctor/pages/doctor-consul
tations/doctor-consultations.compo
nent.spec.ts[0m:[93m14[0m:[93m
11[0m - [91merror[0m[90m 
TS2304: [0mCannot find name 
'TestBed'.

[7m14[0m     await 
TestBed.configureTestingModule({
[7m  [0m [91m          
~~~~~~~[0m


Error: [96msrc/app/features/front
-office/doctor/pages/doctor-consul
tations/doctor-consultations.compo
nent.spec.ts[0m:[93m30[0m:[93m
15[0m - [91merror[0m[90m 
TS2304: [0mCannot find name 
'TestBed'.

[7m30[0m     fixture = TestBed.c
reateComponent(DoctorConsultations
Component);
[7m  [0m [91m              
~~~~~~~[0m


Error: [96msrc/app/features/front
-office/doctor/pages/doctor-medica
l-record/doctor-medical-record.com
ponent.spec.ts[0m:[93m11[0m:[9
3m16[0m - [91merror[0m[90m 
TS2304: [0mCannot find name 
'ComponentFixture'.

[7m11[0m   let fixture: Componen
tFixture<DoctorMedicalRecordCompon
ent>;
[7m  [0m [91m               
~~~~~~~~~~~~~~~~[0m


Error: [96msrc/app/features/front
-office/doctor/pages/doctor-medica
l-record/doctor-medical-record.com
ponent.spec.ts[0m:[93m14[0m:[9
3m11[0m - [91merror[0m[90m 
TS2304: [0mCannot find name 
'TestBed'.

[7m14[0m     await 
TestBed.configureTestingModule({
[7m  [0m [91m          
~~~~~~~[0m


Error: [96msrc/app/features/front
-office/doctor/pages/doctor-medica
l-record/doctor-medical-record.com
ponent.spec.ts[0m:[93m30[0m:[9
3m15[0m - [91merror[0m[90m 
TS2304: [0mCannot find name 
'TestBed'.

[7m30[0m     fixture = TestBed.c
reateComponent(DoctorMedicalRecord
Component);
[7m  [0m [91m              
~~~~~~~[0m


[39m[22m
[32m28 03 2026 15:21:22.971:INFO [karma-server]: [39mKarma v6.4.4 server started at http://localhost:9877/
[32m28 03 2026 15:21:22.975:INFO [launcher]: [39mLaunching browsers Chrome with concurrency unlimited
[91m28 03 2026 15:21:22.976:ERROR [karma-server]: [39mError: Found 1 load error
    at Server.<anonymous> (C:\Users\Fathi\MediaCareAI\node_modules\karma\lib\server.js:243:26)
    at Object.onceWrapper (node:events:633:28)
    at Server.emit (node:events:531:35)
    at emitListeningNT (node:net:1983:10)
    at process.processTicksAndRejections (node:internal/process/task_queues:89:21)
ظ£¤ Browser application bundle 
generation complete.
ظ£¤ Browser application bundle 
generation complete.
