[32m29 03 2026 13:57:33.914:INFO [karma-server]: [39mKarma v6.4.4 server started at http://localhost:9877/
[32m29 03 2026 13:57:33.915:INFO [launcher]: [39mLaunching browsers Chrome with concurrency unlimited
[91m29 03 2026 13:57:33.916:ERROR [karma-server]: [39mError: Found 1 load error
    at Server.<anonymous> (C:\Users\Wassim\Desktop\pi 1\medicarepi\node_modules\karma\lib\server.js:243:26)
    at Object.onceWrapper (node:events:638:28)
    at Server.emit (node:events:536:35)
    at emitListeningNT (node:net:1951:10)
    at process.processTicksAndRejections (node:internal/process/task_queues:81:21)
